{"id":1788242324551552700,"topic":"orders","key":"user-1","value":"created","timestamp":"2026-09-01T05:58:44.5515527Z"}
{"id":1788242324569255200,"topic":"orders","key":"user-1","value":"paid","timestamp":"2026-09-01T05:58:44.5692552Z"}
{"id":1788242397983520200,"topic":"orders","key":"user-1","value":"created","timestamp":"2026-09-01T05:59:57.9835202Z"}
{"id":1788242398212060300,"topic":"orders","key":"user-1","value":"paid","timestamp":"2026-09-01T05:59:58.2120603Z"}
{"id":1788242416221003200,"topic":"orders","key":"user-42","value":"created-order","timestamp":"2026-09-01T06:00:16.2210032Z"}
{"id":1788243482561713500,"topic":"orders","key":"user-1","value":"created","timestamp":"2026-09-01T06:18:02.5617135Z"}
{"id":1788243482564097500,"topic":"orders","key":"user-1","value":"paid","timestamp":"2026-09-01T06:18:02.5640975Z"}
{"id":1788243526444371000,"topic":"orders","key":"user-1","value":"created","timestamp":"2026-09-01T06:18:46.444371Z"}
{"id":1788243526448576900,"topic":"orders","key":"user-1","value":"paid","timestamp":"2026-09-01T06:18:46.4485769Z"}
{"id":1788243571069697500,"topic":"orders","key":"user-1","value":"created","timestamp":"2026-09-01T06:19:31.0696975Z"}
{"id":1788243571081621100,"topic":"orders","key":"user-1","value":"paid","timestamp":"2026-09-01T06:19:31.0816211Z"}
{"id":1788243646092634300,"topic":"orders","key":"user-1","value":"created","timestamp":"2026-09-01T06:20:46.0926343Z"}
{"id":1788243646095224800,"topic":"orders","key":"user-1","value":"paid","timestamp":"2026-09-01T06:20:46.0952248Z"}
{"id":1788245209783135500,"topic":"orders","key":"user-1","value":"created","timestamp":"2026-09-01T06:46:49.7831355Z"}
{"id":1788245209786556500,"topic":"orders","key":"user-1","value":"paid","timestamp":"2026-09-01T06:46:49.7865565Z"}
{"id":1788245211948276700,"topic":"orders","key":"user-42","value":"hello","timestamp":"2026-09-01T06:46:51.9482767Z"}
{"id":1788245525622702500,"topic":"orders","key":"user-1","value":"created","timestamp":"2026-09-01T06:52:05.6227025Z"}
{"id":1788245525627567500,"topic":"orders","key":"user-1","value":"paid","timestamp":"2026-09-01T06:52:05.6275675Z"}
{"id":1788245527018692400,"topic":"orders","key":"user-42","value":"cleanup-check","timestamp":"2026-09-01T06:52:07.0186924Z"}
{"id":1788245628190402300,"topic":"orders","key":"user-1","value":"created","timestamp":"2026-09-01T06:53:48.1904023Z"}
{"id":1788245628903416700,"topic":"orders","key":"user-2","value":"paid","timestamp":"2026-09-01T06:53:48.9034167Z"}
{"id":1788245649338381100,"topic":"orders","key":"user-42","value":"hello","timestamp":"2026-09-01T06:54:09.3383811Z"}
{"id":1788245686083594400,"topic":"orders","key":"user-1","value":"created","timestamp":"2026-09-01T06:54:46.0835944Z"}
{"id":1788245686084666600,"topic":"orders","key":"user-1","value":"paid","timestamp":"2026-09-01T06:54:46.0846666Z"}
